// Jest Snapshot v1, https://goo.gl/fbAQLP

exports[`App should match a snapshot 1`] = `
<main
  className="main"
>
  <Connect(Header) />
  <div
    className="content"
  >
    <Switch>
      <Route
        path="/login"
        render={[Function]}
      />
      <Route
        path="/movies/:id"
        render={[Function]}
      />
      <Route
        path="/"
        render={[Function]}
      />
    </Switch>
  </div>
</main>
`;
