// Jest Snapshot v1, https://goo.gl/fbAQLP

exports[`MovieDeatil should match a snapshot 1`] = `
<section
  className="movie-detail"
  key="21"
  style={
    Object {
      "background": "linear-gradient(to top, rgba(42, 42, 42, .75), rgba(42, 42, 42, 0)), url(https://image.tmdb.org/t/p/original//tCUcf3oNWMW8kwAj3WC6CvIN5ah.jpg) no-repeat center top",
      "backgroundSize": "cover",
    }
  }
>
  <div
    className="movie-detail__info"
  >
    <img
      alt="movie poster for Sonic the Hedgehog"
      className="movie-detail__poster"
      src="https://image.tmdb.org/t/p/original//aQvJ5WPzZgYVDrxLX4R6cLJCEaQ.jpg"
    />
    <div
      className="movie-detail__details"
    >
      <h2
        className="movie-detail__title"
      >
        Sonic the Hedgehog
      </h2>
      <p
        className="movie-detail__release-date"
      >
        Release Date: 2020-02-12
      </p>
      <p
        className="movie-detail__average-rating"
      >
        Average Rating: 7.00
      </p>
      <div
        className="movie-detail__user-rating"
      >
        <label
          for="currentRating"
        >
          User Rating: 
          -
        </label>
        <p
          className="movie-detail__rating-inactive"
        >
          Thank you for rating!
        </p>
      </div>
      <input
        className="movie-detail__rating-input"
        id="user-rating"
        max="10"
        min="1"
        name="currentRating"
        onChange={[Function]}
        type="range"
        value={0}
      />
      <div
        className="movie-detail__rating-buttons"
      >
        <button
          className="movie-detail__button movie-detail__delete-rating"
          onClick={[Function]}
        >
          Delete Rating
        </button>
        <button
          className="movie-detail__button movie-detail__add-rating"
          onClick={[Function]}
        >
          Add Rating
        </button>
      </div>
      <p
        className="movie-detail__overview"
      >
        Based on the global blockbuster videogame franchise from Sega, Sonic the Hedgehog tells the story of the worldâ€™s speediest hedgehog as he embraces his new home on Earth. In this live-action adventure comedy, Sonic and his new best friend team up to defend the planet from the evil genius Dr. Robotnik and his plans for world domination.
      </p>
    </div>
  </div>
</section>
`;
