// Jest Snapshot v1, https://goo.gl/fbAQLP

exports[`MovieContainer should match a snapshot 1`] = `
<section
  className="movie-container"
>
  <MovieCard
    averageRating={7}
    id={21}
    key="21"
    posterPath="https://image.tmdb.org/t/p/original//aQvJ5WPzZgYVDrxLX4R6cLJCEaQ.jpg"
    title="Sonic the Hedgehog"
  />
</section>
`;
